?   	github.com/timdodgson/open-workforce-platform/platform/go/cmd/owp	[no test files]
ok  	github.com/timdodgson/open-workforce-platform/platform/go/internal/application	0.394s
ok  	github.com/timdodgson/open-workforce-platform/platform/go/internal/cli	0.331s
ok  	github.com/timdodgson/open-workforce-platform/platform/go/internal/domain/assignment	0.361s
ok  	github.com/timdodgson/open-workforce-platform/platform/go/internal/domain/event	0.361s
ok  	github.com/timdodgson/open-workforce-platform/platform/go/internal/domain/plan	0.330s
ok  	github.com/timdodgson/open-workforce-platform/platform/go/internal/domain/resource	0.359s
ok  	github.com/timdodgson/open-workforce-platform/platform/go/internal/domain/workitem	0.359s
ok  	github.com/timdodgson/open-workforce-platform/platform/go/internal/infrastructure/inrc2	0.665s
ok  	github.com/timdodgson/open-workforce-platform/platform/go/internal/infrastructure/loader	0.366s
ok  	github.com/timdodgson/open-workforce-platform/platform/go/internal/infrastructure/nrp	0.364s
ok  	github.com/timdodgson/open-workforce-platform/platform/go/internal/optimisation	0.354s
