Running HiGHS 1.15.1 (git hash: 04024d7): Copyright (c) 2026 under MIT licence terms
Includes third-party software components, see THIRD_PARTY_NOTICES.md for full details
Using BLAS: OpenBLAS 
Command line parsed using CLI11 2.5.0: Copyright (c) 2017-2025 University of Cincinnati
Set option parallel to "on"
Set option time_limit to 18000
Set option solution_file to "C:\Users\Tim\AppData\Local\Temp\ilp-solver-2877269313\solution.sol"
MIP model has 19686 rows; 16683 cols; 92440 nonzeros; 6565 integer variables (6565 binary)
Coefficient ranges:
  Matrix  [1e+00, 4e+00]
  Cost    [1e+01, 3e+01]
  Bound   [1e+00, 1e+00]
  RHS     [1e+00, 4e+01]
Presolving model
18605 rows, 16112 cols, 89475 nonzeros 0s
14996 rows, 13905 cols, 72838 nonzeros 0s
14995 rows, 13905 cols, 72832 nonzeros 0s
Presolve reductions: rows 14995(-4691); columns 13905(-2778); nonzeros 72832(-19608) 

Solving MIP model with:
   14995 rows
   13905 cols (5744 binary, 0 integer, 4435 implied int., 3726 continuous, 0 domain fixed)
   72832 nonzeros
   Thread count 16 (of 32 threads). Using 28 max workers. Parallel search on

Src: B => Branching; C => Central rounding; F => Feasibility pump; H => Heuristic;
     I => Shifting; J => Feasibility jump; L => Sub-MIP; P => Empty MIP; R => Randomized rounding;
     S => Solve LP; T => Evaluate node; U => Unbounded; X => User solution; Y => HiGHS solution;
     Z => ZI Round; l => Trivial lower; p => Trivial point; u => Trivial upper; z => Trivial zero

        Nodes      |    B&B Tree     |            Objective Bounds              |  Dynamic Constraints |       Work      
Src  Proc. InQueue |  Leaves   Expl. | BestBound       BestSol              Gap |   Cuts   InLp Confl. | LpIters     Time

 J       0       0         0   0.00%   -inf            41000              Large        0      0      0         0     0.3s
         0       0         0   0.00%   1420.404858     41000             96.54%        0      0      2     36609    16.1s
         0       0         0   0.00%   1427.942126     41000             96.52%      755     88      2     60230    26.7s
         0       0         0   0.00%   1449.152585     41000             96.47%     1650    190      2     88476    37.9s
         0       0         0   0.00%   1459.270438     41000             96.44%     2503    275      2    103060    44.1s
         0       0         0   0.00%   1479.995884     41000             96.39%     4134    439    154    128009    57.6s
         0       0         0   0.00%   1489.162836     41000             96.37%     5048    501    154    142201    63.7s
         0       0         0   0.00%   1497.63109      41000             96.35%     5745    568    154    156020    69.1s
         0       0         0   0.00%   1508.467231     41000             96.32%     6495    630    154    168090    74.4s
         0       0         0   0.00%   1523.872659     41000             96.28%     7289    676    154    183668    81.1s
         0       0         0   0.00%   1533.111182     41000             96.26%     7744    717    154    200501    88.3s
         0       0         0   0.00%   1540.785569     41000             96.24%     8454    761    154    218534    96.0s
         0       0         0   0.00%   1558.705767     41000             96.20%     9198    853    154    235635   103.4s
         0       0         0   0.00%   1575.366239     41000             96.16%     9825    934    154    251166   110.7s
         0       0         0   0.00%   1595.647062     41000             96.11%    10528   1007    154    267332   118.1s
         0       0         0   0.00%   1611.32053      41000             96.07%    11167   1007    154    288581   127.6s
         0       0         0   0.00%   1631.001882     41000             96.02%    11035   1157    154    312684   138.1s
         0       0         0   0.00%   1644.557929     41000             95.99%    11997   1230    154    326329   144.0s
         0       0         0   0.00%   1647.465345     41000             95.98%     9802   1290    154    346098   151.9s
         0       0         0   0.00%   1661.900568     41000             95.95%    10788   1174    154    361477   157.7s

        Nodes      |    B&B Tree     |            Objective Bounds              |  Dynamic Constraints |       Work      
Src  Proc. InQueue |  Leaves   Expl. | BestBound       BestSol              Gap |   Cuts   InLp Confl. | LpIters     Time

         0       0         0   0.00%   1672.966123     41000             95.92%    11050   1229    154    377628   164.5s
         0       0         0   0.00%   1680.623382     41000             95.90%    11751   1306    154    397753   172.9s
         0       0         0   0.00%   1682.955702     41000             95.90%    10238   1373    154    417433   181.1s
         0       0         0   0.00%   1690.760573     41000             95.88%    11282   1424    154    440628   190.8s
         0       0         0   0.00%   1699.381701     41000             95.86%    12311   1253    154    453366   196.3s
         0       0         0   0.00%   1708.002095     41000             95.83%     9130   1312    154    466369   201.8s
         0       0         0   0.00%   1716.750748     41000             95.81%     9939   1361    154    479546   207.6s
         0       0         0   0.00%   1736.22573      41000             95.77%    10512   1416    154    496802   215.2s
         0       0         0   0.00%   1748.934496     41000             95.73%    11342   1475    154    511271   221.5s
         0       0         0   0.00%   1753.346123     41000             95.72%    10509   1336    154    530151   230.5s
         0       0         0   0.00%   1762.412959     41000             95.70%    11094   1377    154    545812   237.2s
         0       0         0   0.00%   1765.507143     41000             95.69%    11412   1435    154    557817   242.8s
         0       0         0   0.00%   1770.952925     41000             95.68%    10011   1308    154    579320   252.9s
         0       0         0   0.00%   1772.965979     41000             95.68%    10201   1348    154    589545   257.9s
         0       0         0   0.00%   1778.094697     41000             95.66%    11368   1420    154    610797   267.7s
         0       0         0   0.00%   1785.063063     41000             95.65%     9602   1237    154    627452   275.7s
         0       0         0   0.00%   1787.037343     41000             95.64%     9846   1267    154    643164   282.7s
         0       0         0   0.00%   1788.011598     41000             95.64%    10568   1323    154    651772   287.8s
         0       0         0   0.00%   1790.449107     41000             95.63%    11218   1351    154    664206   293.7s
         0       0         0   0.00%   1792.407654     41000             95.63%    11778   1145    154    675814   299.1s

        Nodes      |    B&B Tree     |            Objective Bounds              |  Dynamic Constraints |       Work      
Src  Proc. InQueue |  Leaves   Expl. | BestBound       BestSol              Gap |   Cuts   InLp Confl. | LpIters     Time

         0       0         0   0.00%   1793.723133     41000             95.63%     9549   1204    154    687052   305.1s
         0       0         0   0.00%   1797.865571     41000             95.61%    10655   1268    154    703993   313.2s
         0       0         0   0.00%   1798.697108     41000             95.61%    10695   1109    154    715800   319.1s
         0       0         0   0.00%   1800.552119     41000             95.61%    10799   1147    154    727036   324.9s
         0       0         0   0.00%   1802.57995      41000             95.60%    11300   1218    154    740412   332.6s
         0       0         0   0.00%   1804.477446     41000             95.60%    10587   1121    154    755736   340.3s
         0       0         0   0.00%   1806.065215     41000             95.59%    11243   1180    154    766748   346.7s
         0       0         0   0.00%   1808.71707      41000             95.59%    10773   1249    154    782006   354.7s
         0       0         0   0.00%   1810.228065     41000             95.58%    11482   1116    154    793933   360.6s
         0       0         0   0.00%   1811.163515     41000             95.58%    10198   1192    154    810502   368.9s
         0       0         0   0.00%   1813.483416     41000             95.58%    11169   1271    154    827613   377.7s
         0       0         0   0.00%   1816.141484     41000             95.57%     9992   1187    154    853737   390.3s
         0       0         0   0.00%   1818.381639     41000             95.56%    10190   1228    154    864472   395.5s
         0       0         0   0.00%   1820.386973     41000             95.56%    10449   1276    154    881617   403.7s
         0       0         0   0.00%   1823.186319     41000             95.55%    10994   1325    154    894909   410.3s
         0       0         0   0.00%   1827.56628      41000             95.54%    10886   1220    154    905748   415.6s
         0       0         0   0.00%   1829.255959     41000             95.54%    11118   1315    154    929123   427.3s
         0       0         0   0.00%   1830.427562     41000             95.54%    11280   1354    154    939781   432.7s
         0       0         0   0.00%   1831.830897     41000             95.53%    10685   1224    154    956894   441.7s
         0       0         0   0.00%   1832.640182     41000             95.53%    10737   1257    154    966915   446.7s

        Nodes      |    B&B Tree     |            Objective Bounds              |  Dynamic Constraints |       Work      
Src  Proc. InQueue |  Leaves   Expl. | BestBound       BestSol              Gap |   Cuts   InLp Confl. | LpIters     Time

         0       0         0   0.00%   1834.662864     41000             95.53%    10976   1288    154    977781   452.0s
         0       0         0   0.00%   1835.680475     41000             95.52%    11083   1376    154    994486   461.4s
         0       0         0   0.00%   1835.863087     41000             95.52%    10566   1228    154     1003k   467.5s
         0       0         0   0.00%   1836.003298     41000             95.52%    10656    776    154     1524k   724.8s
         1       2         1   0.00%   1836.003298     41000             95.52%     9929    776    154     2133k  1094.8s
         3       4         3   0.00%   1837.877174     41000             95.52%     9670    937    154     2245k  1136.9s
         7       8         7   0.00%   1844.178616     41000             95.50%    10212   1092    154     2792k  1277.6s
        15      16        15   0.00%   1852.301837     41000             95.48%    11218   1131    154     3612k  1392.1s
        31      32        31   0.00%   1872.600513     41000             95.43%    11277   1510    154    12401k  1991.4s
       591     592        59   0.00%   1901.391383     41000             95.36%     9771   1514    154    21746k  2621.8s
